\BOOKMARK [0][-]{chapter.1}{\376\377\000I\000n\000t\000r\000o\000d\000u\000c\000t\000i\000o\000n\000\040\000a\000n\000d\000\040\000O\000b\000j\000e\000c\000t\000i\000v\000e\000s}{}% 1
\BOOKMARK [1][-]{section.1.1}{\376\377\000B\000a\000c\000k\000g\000r\000o\000u\000n\000d\000\040\000a\000n\000d\000\040\000C\000o\000n\000t\000e\000x\000t}{chapter.1}% 2
\BOOKMARK [1][-]{section.1.2}{\376\377\000M\000o\000t\000i\000v\000a\000t\000i\000o\000n}{chapter.1}% 3
\BOOKMARK [1][-]{section.1.3}{\376\377\000P\000r\000o\000j\000e\000c\000t\000\040\000O\000b\000j\000e\000c\000t\000i\000v\000e\000s}{chapter.1}% 4
\BOOKMARK [2][-]{subsection.1.3.1}{\376\377\000P\000r\000i\000m\000a\000r\000y\000\040\000O\000b\000j\000e\000c\000t\000i\000v\000e}{section.1.3}% 5
\BOOKMARK [2][-]{subsection.1.3.2}{\376\377\000S\000p\000e\000c\000i\000f\000i\000c\000\040\000O\000b\000j\000e\000c\000t\000i\000v\000e\000s}{section.1.3}% 6
\BOOKMARK [1][-]{section.1.4}{\376\377\000S\000c\000o\000p\000e\000\040\000o\000f\000\040\000t\000h\000e\000\040\000P\000r\000o\000j\000e\000c\000t}{chapter.1}% 7
\BOOKMARK [2][-]{subsection.1.4.1}{\376\377\000I\000n\000\040\000S\000c\000o\000p\000e}{section.1.4}% 8
\BOOKMARK [2][-]{subsection.1.4.2}{\376\377\000O\000u\000t\000\040\000o\000f\000\040\000S\000c\000o\000p\000e}{section.1.4}% 9
\BOOKMARK [1][-]{section.1.5}{\376\377\000P\000r\000o\000j\000e\000c\000t\000\040\000C\000a\000t\000e\000g\000o\000r\000y\000\040\000a\000n\000d\000\040\000T\000e\000c\000h\000n\000o\000l\000o\000g\000y\000\040\000D\000o\000m\000a\000i\000n}{chapter.1}% 10
\BOOKMARK [1][-]{section.1.6}{\376\377\000O\000r\000g\000a\000n\000i\000s\000a\000t\000i\000o\000n\000\040\000o\000f\000\040\000t\000h\000e\000\040\000R\000e\000p\000o\000r\000t}{chapter.1}% 11
\BOOKMARK [0][-]{chapter.2}{\376\377\000S\000y\000s\000t\000e\000m\000\040\000A\000n\000a\000l\000y\000s\000i\000s\000\040\000a\000n\000d\000\040\000N\000e\000e\000d\000\040\000I\000d\000e\000n\000t\000i\000f\000i\000c\000a\000t\000i\000o\000n}{}% 12
\BOOKMARK [1][-]{section.2.1}{\376\377\000S\000t\000u\000d\000y\000\040\000o\000f\000\040\000E\000x\000i\000s\000t\000i\000n\000g\000\040\000S\000y\000s\000t\000e\000m\000s}{chapter.2}% 13
\BOOKMARK [2][-]{subsection.2.1.1}{\376\377\000C\000o\000m\000m\000e\000r\000c\000i\000a\000l\000\040\000S\000o\000l\000u\000t\000i\000o\000n\000s}{section.2.1}% 14
\BOOKMARK [2][-]{subsection.2.1.2}{\376\377\000O\000p\000e\000n\000-\000S\000o\000u\000r\000c\000e\000\040\000T\000o\000o\000l\000s}{section.2.1}% 15
\BOOKMARK [1][-]{section.2.2}{\376\377\000P\000r\000o\000b\000l\000e\000m\000\040\000I\000d\000e\000n\000t\000i\000f\000i\000c\000a\000t\000i\000o\000n\000\040\000a\000n\000d\000\040\000P\000a\000i\000n\000\040\000P\000o\000i\000n\000t\000s}{chapter.2}% 16
\BOOKMARK [1][-]{section.2.3}{\376\377\000R\000e\000q\000u\000i\000r\000e\000m\000e\000n\000t\000\040\000G\000a\000t\000h\000e\000r\000i\000n\000g\000\040\000M\000e\000t\000h\000o\000d\000o\000l\000o\000g\000y}{chapter.2}% 17
\BOOKMARK [1][-]{section.2.4}{\376\377\000F\000e\000a\000s\000i\000b\000i\000l\000i\000t\000y\000\040\000A\000n\000a\000l\000y\000s\000i\000s}{chapter.2}% 18
\BOOKMARK [2][-]{subsection.2.4.1}{\376\377\000T\000e\000c\000h\000n\000i\000c\000a\000l\000\040\000F\000e\000a\000s\000i\000b\000i\000l\000i\000t\000y}{section.2.4}% 19
\BOOKMARK [2][-]{subsection.2.4.2}{\376\377\000E\000c\000o\000n\000o\000m\000i\000c\000\040\000F\000e\000a\000s\000i\000b\000i\000l\000i\000t\000y}{section.2.4}% 20
\BOOKMARK [2][-]{subsection.2.4.3}{\376\377\000O\000p\000e\000r\000a\000t\000i\000o\000n\000a\000l\000\040\000F\000e\000a\000s\000i\000b\000i\000l\000i\000t\000y}{section.2.4}% 21
\BOOKMARK [2][-]{subsection.2.4.4}{\376\377\000L\000e\000g\000a\000l\000\040\000F\000e\000a\000s\000i\000b\000i\000l\000i\000t\000y}{section.2.4}% 22
\BOOKMARK [1][-]{section.2.5}{\376\377\000S\000y\000s\000t\000e\000m\000\040\000O\000v\000e\000r\000v\000i\000e\000w}{chapter.2}% 23
\BOOKMARK [0][-]{chapter.3}{\376\377\000P\000r\000o\000j\000e\000c\000t\000\040\000P\000l\000a\000n\000n\000i\000n\000g\000\040\000a\000n\000d\000\040\000S\000c\000h\000e\000d\000u\000l\000i\000n\000g}{}% 24
\BOOKMARK [1][-]{section.3.1}{\376\377\000W\000o\000r\000k\000\040\000B\000r\000e\000a\000k\000d\000o\000w\000n\000\040\000S\000t\000r\000u\000c\000t\000u\000r\000e}{chapter.3}% 25
\BOOKMARK [1][-]{section.3.2}{\376\377\000P\000r\000o\000j\000e\000c\000t\000\040\000M\000i\000l\000e\000s\000t\000o\000n\000e\000s}{chapter.3}% 26
\BOOKMARK [1][-]{section.3.3}{\376\377\000G\000a\000n\000t\000t\000\040\000C\000h\000a\000r\000t}{chapter.3}% 27
\BOOKMARK [1][-]{section.3.4}{\376\377\000P\000E\000R\000T\000\040\000C\000h\000a\000r\000t}{chapter.3}% 28
\BOOKMARK [1][-]{section.3.5}{\376\377\000T\000e\000a\000m\000\040\000R\000o\000l\000e\000s\000\040\000a\000n\000d\000\040\000R\000e\000s\000p\000o\000n\000s\000i\000b\000i\000l\000i\000t\000i\000e\000s}{chapter.3}% 29
\BOOKMARK [1][-]{section.3.6}{\376\377\000R\000i\000s\000k\000\040\000A\000s\000s\000e\000s\000s\000m\000e\000n\000t\000\040\000a\000n\000d\000\040\000M\000i\000t\000i\000g\000a\000t\000i\000o\000n}{chapter.3}% 30
\BOOKMARK [1][-]{section.3.7}{\376\377\000T\000i\000m\000e\000l\000i\000n\000e\000\040\000D\000e\000v\000i\000a\000t\000i\000o\000n\000s\000\040\000a\000n\000d\000\040\000L\000e\000s\000s\000o\000n\000s\000\040\000L\000e\000a\000r\000n\000e\000d}{chapter.3}% 31
\BOOKMARK [0][-]{chapter.4}{\376\377\000S\000o\000f\000t\000w\000a\000r\000e\000\040\000R\000e\000q\000u\000i\000r\000e\000m\000e\000n\000t\000s\000\040\000S\000p\000e\000c\000i\000f\000i\000c\000a\000t\000i\000o\000n}{}% 32
\BOOKMARK [1][-]{section.4.1}{\376\377\000I\000n\000t\000r\000o\000d\000u\000c\000t\000i\000o\000n}{chapter.4}% 33
\BOOKMARK [2][-]{subsection.4.1.1}{\376\377\000P\000u\000r\000p\000o\000s\000e}{section.4.1}% 34
\BOOKMARK [2][-]{subsection.4.1.2}{\376\377\000D\000o\000c\000u\000m\000e\000n\000t\000\040\000C\000o\000n\000v\000e\000n\000t\000i\000o\000n\000s}{section.4.1}% 35
\BOOKMARK [2][-]{subsection.4.1.3}{\376\377\000I\000n\000t\000e\000n\000d\000e\000d\000\040\000A\000u\000d\000i\000e\000n\000c\000e}{section.4.1}% 36
\BOOKMARK [2][-]{subsection.4.1.4}{\376\377\000S\000y\000s\000t\000e\000m\000\040\000S\000c\000o\000p\000e}{section.4.1}% 37
\BOOKMARK [1][-]{section.4.2}{\376\377\000O\000v\000e\000r\000a\000l\000l\000\040\000D\000e\000s\000c\000r\000i\000p\000t\000i\000o\000n}{chapter.4}% 38
\BOOKMARK [2][-]{subsection.4.2.1}{\376\377\000P\000r\000o\000d\000u\000c\000t\000\040\000P\000e\000r\000s\000p\000e\000c\000t\000i\000v\000e}{section.4.2}% 39
\BOOKMARK [2][-]{subsection.4.2.2}{\376\377\000U\000s\000e\000r\000\040\000C\000l\000a\000s\000s\000e\000s}{section.4.2}% 40
\BOOKMARK [2][-]{subsection.4.2.3}{\376\377\000D\000e\000s\000i\000g\000n\000\040\000a\000n\000d\000\040\000I\000m\000p\000l\000e\000m\000e\000n\000t\000a\000t\000i\000o\000n\000\040\000C\000o\000n\000s\000t\000r\000a\000i\000n\000t\000s}{section.4.2}% 41
\BOOKMARK [2][-]{subsection.4.2.4}{\376\377\000A\000s\000s\000u\000m\000p\000t\000i\000o\000n\000s\000\040\000a\000n\000d\000\040\000D\000e\000p\000e\000n\000d\000e\000n\000c\000i\000e\000s}{section.4.2}% 42
\BOOKMARK [1][-]{section.4.3}{\376\377\000F\000u\000n\000c\000t\000i\000o\000n\000a\000l\000\040\000R\000e\000q\000u\000i\000r\000e\000m\000e\000n\000t\000s}{chapter.4}% 43
\BOOKMARK [1][-]{section.4.4}{\376\377\000N\000o\000n\000-\000F\000u\000n\000c\000t\000i\000o\000n\000a\000l\000\040\000R\000e\000q\000u\000i\000r\000e\000m\000e\000n\000t\000s}{chapter.4}% 44
\BOOKMARK [2][-]{subsection.4.4.1}{\376\377\000P\000e\000r\000f\000o\000r\000m\000a\000n\000c\000e\000\040\000R\000e\000q\000u\000i\000r\000e\000m\000e\000n\000t\000s\000\040\000\050\000N\000F\000R\000-\0000\0001\000\051}{section.4.4}% 45
\BOOKMARK [2][-]{subsection.4.4.2}{\376\377\000S\000e\000c\000u\000r\000i\000t\000y\000\040\000R\000e\000q\000u\000i\000r\000e\000m\000e\000n\000t\000s\000\040\000\050\000N\000F\000R\000-\0000\0002\000\051}{section.4.4}% 46
\BOOKMARK [2][-]{subsection.4.4.3}{\376\377\000R\000e\000l\000i\000a\000b\000i\000l\000i\000t\000y\000\040\000R\000e\000q\000u\000i\000r\000e\000m\000e\000n\000t\000s\000\040\000\050\000N\000F\000R\000-\0000\0003\000\051}{section.4.4}% 47
\BOOKMARK [2][-]{subsection.4.4.4}{\376\377\000M\000a\000i\000n\000t\000a\000i\000n\000a\000b\000i\000l\000i\000t\000y\000\040\000R\000e\000q\000u\000i\000r\000e\000m\000e\000n\000t\000s\000\040\000\050\000N\000F\000R\000-\0000\0004\000\051}{section.4.4}% 48
\BOOKMARK [2][-]{subsection.4.4.5}{\376\377\000P\000o\000r\000t\000a\000b\000i\000l\000i\000t\000y\000\040\000R\000e\000q\000u\000i\000r\000e\000m\000e\000n\000t\000s\000\040\000\050\000N\000F\000R\000-\0000\0005\000\051}{section.4.4}% 49
\BOOKMARK [2][-]{subsection.4.4.6}{\376\377\000S\000c\000a\000l\000a\000b\000i\000l\000i\000t\000y\000\040\000R\000e\000q\000u\000i\000r\000e\000m\000e\000n\000t\000s\000\040\000\050\000N\000F\000R\000-\0000\0006\000\051}{section.4.4}% 50
\BOOKMARK [1][-]{section.4.5}{\376\377\000E\000x\000t\000e\000r\000n\000a\000l\000\040\000I\000n\000t\000e\000r\000f\000a\000c\000e\000\040\000R\000e\000q\000u\000i\000r\000e\000m\000e\000n\000t\000s}{chapter.4}% 51
\BOOKMARK [2][-]{subsection.4.5.1}{\376\377\000U\000s\000e\000r\000\040\000I\000n\000t\000e\000r\000f\000a\000c\000e}{section.4.5}% 52
\BOOKMARK [2][-]{subsection.4.5.2}{\376\377\000H\000a\000r\000d\000w\000a\000r\000e\000\040\000I\000n\000t\000e\000r\000f\000a\000c\000e}{section.4.5}% 53
\BOOKMARK [2][-]{subsection.4.5.3}{\376\377\000S\000o\000f\000t\000w\000a\000r\000e\000\040\000I\000n\000t\000e\000r\000f\000a\000c\000e\000s}{section.4.5}% 54
\BOOKMARK [1][-]{section.4.6}{\376\377\000A\000c\000c\000e\000p\000t\000a\000n\000c\000e\000\040\000C\000r\000i\000t\000e\000r\000i\000a}{chapter.4}% 55
\BOOKMARK [0][-]{chapter.5}{\376\377\000E\000n\000g\000i\000n\000e\000e\000r\000i\000n\000g\000\040\000P\000a\000r\000a\000d\000i\000g\000m\000\040\000a\000n\000d\000\040\000M\000e\000t\000h\000o\000d\000o\000l\000o\000g\000y}{}% 56
\BOOKMARK [1][-]{section.5.1}{\376\377\000S\000D\000L\000C\000\040\000A\000p\000p\000r\000o\000a\000c\000h}{chapter.5}% 57
\BOOKMARK [2][-]{subsection.5.1.1}{\376\377\000I\000t\000e\000r\000a\000t\000i\000v\000e\000\040\000a\000n\000d\000\040\000I\000n\000c\000r\000e\000m\000e\000n\000t\000a\000l\000\040\000D\000e\000v\000e\000l\000o\000p\000m\000e\000n\000t}{section.5.1}% 58
\BOOKMARK [1][-]{section.5.2}{\376\377\000M\000o\000d\000u\000l\000a\000r\000\040\000A\000r\000c\000h\000i\000t\000e\000c\000t\000u\000r\000e\000\040\000P\000h\000i\000l\000o\000s\000o\000p\000h\000y}{chapter.5}% 59
\BOOKMARK [1][-]{section.5.3}{\376\377\000A\000P\000I\000-\000F\000i\000r\000s\000t\000\040\000D\000e\000s\000i\000g\000n}{chapter.5}% 60
\BOOKMARK [1][-]{section.5.4}{\376\377\000T\000e\000s\000t\000-\000D\000r\000i\000v\000e\000n\000\040\000M\000i\000n\000d\000s\000e\000t}{chapter.5}% 61
\BOOKMARK [1][-]{section.5.5}{\376\377\000T\000r\000a\000c\000e\000a\000b\000i\000l\000i\000t\000y\000\040\000M\000a\000t\000r\000i\000x}{chapter.5}% 62
\BOOKMARK [0][-]{chapter.6}{\376\377\000S\000y\000s\000t\000e\000m\000\040\000M\000o\000d\000e\000l\000i\000n\000g\000\040\000a\000n\000d\000\040\000D\000i\000a\000g\000r\000a\000m\000s}{}% 63
\BOOKMARK [1][-]{section.6.1}{\376\377\000D\000a\000t\000a\000\040\000F\000l\000o\000w\000\040\000D\000i\000a\000g\000r\000a\000m\000s}{chapter.6}% 64
\BOOKMARK [2][-]{subsection.6.1.1}{\376\377\000D\000F\000D\000\040\000L\000e\000v\000e\000l\000\040\0000\000\040\040\023\000\040\000C\000o\000n\000t\000e\000x\000t\000\040\000D\000i\000a\000g\000r\000a\000m}{section.6.1}% 65
\BOOKMARK [2][-]{subsection.6.1.2}{\376\377\000D\000F\000D\000\040\000L\000e\000v\000e\000l\000\040\0001}{section.6.1}% 66
\BOOKMARK [1][-]{section.6.2}{\376\377\000U\000s\000e\000\040\000C\000a\000s\000e\000\040\000D\000i\000a\000g\000r\000a\000m}{chapter.6}% 67
\BOOKMARK [1][-]{section.6.3}{\376\377\000A\000c\000t\000i\000v\000i\000t\000y\000\040\000D\000i\000a\000g\000r\000a\000m\000\040\040\023\000\040\000V\000e\000r\000i\000f\000i\000c\000a\000t\000i\000o\000n\000\040\000W\000o\000r\000k\000f\000l\000o\000w}{chapter.6}% 68
\BOOKMARK [1][-]{section.6.4}{\376\377\000S\000e\000q\000u\000e\000n\000c\000e\000\040\000D\000i\000a\000g\000r\000a\000m\000s}{chapter.6}% 69
\BOOKMARK [2][-]{subsection.6.4.1}{\376\377\000U\000s\000e\000r\000\040\000V\000e\000r\000i\000f\000i\000c\000a\000t\000i\000o\000n\000\040\000S\000e\000q\000u\000e\000n\000c\000e}{section.6.4}% 70
\BOOKMARK [2][-]{subsection.6.4.2}{\376\377\000A\000d\000m\000i\000n\000\040\000R\000e\000v\000i\000e\000w\000\040\000S\000e\000q\000u\000e\000n\000c\000e}{section.6.4}% 71
\BOOKMARK [1][-]{section.6.5}{\376\377\000S\000t\000a\000t\000e\000\040\000M\000a\000c\000h\000i\000n\000e\000\040\000D\000i\000a\000g\000r\000a\000m\000\040\040\023\000\040\000V\000e\000r\000i\000f\000i\000c\000a\000t\000i\000o\000n\000\040\000S\000e\000s\000s\000i\000o\000n}{chapter.6}% 72
\BOOKMARK [1][-]{section.6.6}{\376\377\000C\000l\000a\000s\000s\000\040\000D\000i\000a\000g\000r\000a\000m\000\040\040\023\000\040\000B\000a\000c\000k\000e\000n\000d\000\040\000D\000o\000m\000a\000i\000n\000\040\000M\000o\000d\000e\000l}{chapter.6}% 73
\BOOKMARK [1][-]{section.6.7}{\376\377\000E\000R\000\040\000D\000i\000a\000g\000r\000a\000m}{chapter.6}% 74
\BOOKMARK [1][-]{section.6.8}{\376\377\000D\000e\000p\000l\000o\000y\000m\000e\000n\000t\000\040\000D\000i\000a\000g\000r\000a\000m}{chapter.6}% 75
\BOOKMARK [1][-]{section.6.9}{\376\377\000D\000e\000c\000i\000s\000i\000o\000n\000\040\000C\000o\000n\000t\000r\000o\000l\000\040\000F\000l\000o\000w\000\040\000D\000i\000a\000g\000r\000a\000m}{chapter.6}% 76
\BOOKMARK [0][-]{chapter.7}{\376\377\000S\000y\000s\000t\000e\000m\000\040\000D\000e\000s\000i\000g\000n}{}% 77
\BOOKMARK [1][-]{section.7.1}{\376\377\000M\000o\000d\000u\000l\000a\000r\000\040\000D\000e\000s\000i\000g\000n\000\040\000O\000v\000e\000r\000v\000i\000e\000w}{chapter.7}% 78
\BOOKMARK [1][-]{section.7.2}{\376\377\000B\000a\000c\000k\000e\000n\000d\000\040\000A\000r\000c\000h\000i\000t\000e\000c\000t\000u\000r\000e}{chapter.7}% 79
\BOOKMARK [2][-]{subsection.7.2.1}{\376\377\000D\000i\000r\000e\000c\000t\000o\000r\000y\000\040\000S\000t\000r\000u\000c\000t\000u\000r\000e}{section.7.2}% 80
\BOOKMARK [2][-]{subsection.7.2.2}{\376\377\000L\000a\000y\000e\000r\000e\000d\000\040\000A\000r\000c\000h\000i\000t\000e\000c\000t\000u\000r\000e}{section.7.2}% 81
\BOOKMARK [2][-]{subsection.7.2.3}{\376\377\000F\000e\000a\000t\000u\000r\000e\000\040\000P\000i\000p\000e\000l\000i\000n\000e\000\040\000R\000o\000u\000t\000e\000\040\000D\000e\000s\000i\000g\000n}{section.7.2}% 82
\BOOKMARK [1][-]{section.7.3}{\376\377\000D\000a\000t\000a\000b\000a\000s\000e\000\040\000D\000e\000s\000i\000g\000n}{chapter.7}% 83
\BOOKMARK [2][-]{subsection.7.3.1}{\376\377\000S\000c\000h\000e\000m\000a\000\040\000D\000e\000f\000i\000n\000i\000t\000i\000o\000n}{section.7.3}% 84
\BOOKMARK [2][-]{subsection.7.3.2}{\376\377\000N\000o\000r\000m\000a\000l\000i\000s\000a\000t\000i\000o\000n\000\040\000A\000n\000a\000l\000y\000s\000i\000s}{section.7.3}% 85
\BOOKMARK [1][-]{section.7.4}{\376\377\000A\000P\000I\000\040\000D\000e\000s\000i\000g\000n\000\040\000P\000r\000i\000n\000c\000i\000p\000l\000e\000s}{chapter.7}% 86
\BOOKMARK [2][-]{subsection.7.4.1}{\376\377\000R\000E\000S\000T\000\040\000C\000o\000n\000v\000e\000n\000t\000i\000o\000n\000s}{section.7.4}% 87
\BOOKMARK [2][-]{subsection.7.4.2}{\376\377\000A\000u\000t\000h\000e\000n\000t\000i\000c\000a\000t\000i\000o\000n\000\040\000F\000l\000o\000w}{section.7.4}% 88
\BOOKMARK [1][-]{section.7.5}{\376\377\000F\000r\000o\000n\000t\000e\000n\000d\000\040\000A\000r\000c\000h\000i\000t\000e\000c\000t\000u\000r\000e}{chapter.7}% 89
\BOOKMARK [2][-]{subsection.7.5.1}{\376\377\000C\000o\000m\000p\000o\000n\000e\000n\000t\000\040\000H\000i\000e\000r\000a\000r\000c\000h\000y}{section.7.5}% 90
\BOOKMARK [2][-]{subsection.7.5.2}{\376\377\000S\000t\000a\000t\000e\000\040\000M\000a\000n\000a\000g\000e\000m\000e\000n\000t}{section.7.5}% 91
\BOOKMARK [1][-]{section.7.6}{\376\377\000U\000I\000\040\000D\000e\000s\000i\000g\000n}{chapter.7}% 92
\BOOKMARK [1][-]{section.7.7}{\376\377\000E\000r\000r\000o\000r\000\040\000H\000a\000n\000d\000l\000i\000n\000g\000\040\000S\000t\000r\000a\000t\000e\000g\000y}{chapter.7}% 93
\BOOKMARK [0][-]{chapter.8}{\376\377\000C\000o\000d\000i\000n\000g\000\040\000S\000t\000a\000n\000d\000a\000r\000d\000s\000\040\000a\000n\000d\000\040\000I\000m\000p\000l\000e\000m\000e\000n\000t\000a\000t\000i\000o\000n}{}% 94
\BOOKMARK [1][-]{section.8.1}{\376\377\000C\000o\000d\000i\000n\000g\000\040\000S\000t\000a\000n\000d\000a\000r\000d\000s}{chapter.8}% 95
\BOOKMARK [2][-]{subsection.8.1.1}{\376\377\000B\000a\000c\000k\000e\000n\000d\000\040\000\050\000P\000y\000t\000h\000o\000n\000\051}{section.8.1}% 96
\BOOKMARK [2][-]{subsection.8.1.2}{\376\377\000F\000r\000o\000n\000t\000e\000n\000d\000\040\000\050\000T\000y\000p\000e\000S\000c\000r\000i\000p\000t\000\051}{section.8.1}% 97
\BOOKMARK [1][-]{section.8.2}{\376\377\000K\000e\000y\000\040\000A\000l\000g\000o\000r\000i\000t\000h\000m\000s\000\040\000a\000n\000d\000\040\000I\000m\000p\000l\000e\000m\000e\000n\000t\000a\000t\000i\000o\000n\000\040\000D\000e\000t\000a\000i\000l\000s}{chapter.8}% 98
\BOOKMARK [2][-]{subsection.8.2.1}{\376\377\000D\000o\000c\000u\000m\000e\000n\000t\000\040\000O\000C\000R\000\040\000w\000i\000t\000h\000\040\000G\000o\000o\000g\000l\000e\000\040\000G\000e\000m\000i\000n\000i}{section.8.2}% 99
\BOOKMARK [2][-]{subsection.8.2.2}{\376\377\000F\000a\000c\000e\000\040\000E\000x\000t\000r\000a\000c\000t\000i\000o\000n\000\040\000f\000r\000o\000m\000\040\000D\000o\000c\000u\000m\000e\000n\000t\000\040\000u\000s\000i\000n\000g\000\040\000d\000l\000i\000b}{section.8.2}% 100
\BOOKMARK [2][-]{subsection.8.2.3}{\376\377\000F\000a\000c\000e\000\040\000S\000i\000m\000i\000l\000a\000r\000i\000t\000y\000\040\000v\000i\000a\000\040\000G\000r\000a\000d\000i\000o}{section.8.2}% 101
\BOOKMARK [2][-]{subsection.8.2.4}{\376\377\000D\000e\000e\000p\000f\000a\000k\000e\000\040\000D\000e\000t\000e\000c\000t\000i\000o\000n\000\040\000v\000i\000a\000\040\000H\000u\000g\000g\000i\000n\000g\000F\000a\000c\000e\000\040\000I\000n\000f\000e\000r\000e\000n\000c\000e\000\040\000A\000P\000I}{section.8.2}% 102
\BOOKMARK [2][-]{subsection.8.2.5}{\376\377\000D\000e\000c\000i\000s\000i\000o\000n\000\040\000E\000n\000g\000i\000n\000e}{section.8.2}% 103
\BOOKMARK [2][-]{subsection.8.2.6}{\376\377\000W\000e\000b\000c\000a\000m\000\040\000S\000e\000l\000f\000i\000e\000\040\000C\000a\000p\000t\000u\000r\000e\000\040\000\050\000F\000r\000o\000n\000t\000e\000n\000d\000\051}{section.8.2}% 104
\BOOKMARK [1][-]{section.8.3}{\376\377\000P\000a\000r\000a\000m\000e\000t\000e\000r\000\040\000P\000a\000s\000s\000i\000n\000g\000\040\000a\000n\000d\000\040\000D\000a\000t\000a\000\040\000F\000l\000o\000w}{chapter.8}% 105
\BOOKMARK [2][-]{subsection.8.3.1}{\376\377\000B\000a\000c\000k\000e\000n\000d\000\040\000P\000a\000r\000a\000m\000e\000t\000e\000r\000\040\000P\000a\000s\000s\000i\000n\000g}{section.8.3}% 106
\BOOKMARK [2][-]{subsection.8.3.2}{\376\377\000F\000r\000o\000n\000t\000e\000n\000d\000\040\000D\000a\000t\000a\000\040\000F\000l\000o\000w}{section.8.3}% 107
\BOOKMARK [0][-]{chapter.9}{\376\377\000T\000e\000s\000t\000i\000n\000g\000\040\000a\000n\000d\000\040\000D\000e\000b\000u\000g\000g\000i\000n\000g}{}% 108
\BOOKMARK [1][-]{section.9.1}{\376\377\000T\000e\000s\000t\000i\000n\000g\000\040\000S\000t\000r\000a\000t\000e\000g\000y}{chapter.9}% 109
\BOOKMARK [1][-]{section.9.2}{\376\377\000B\000a\000c\000k\000e\000n\000d\000\040\000T\000e\000s\000t\000s\000\040\000\050\000p\000y\000t\000e\000s\000t\000\051}{chapter.9}% 110
\BOOKMARK [2][-]{subsection.9.2.1}{\376\377\000T\000e\000s\000t\000\040\000C\000o\000n\000f\000i\000g\000u\000r\000a\000t\000i\000o\000n}{section.9.2}% 111
\BOOKMARK [2][-]{subsection.9.2.2}{\376\377\000T\000e\000s\000t\000\040\000R\000e\000s\000u\000l\000t\000s}{section.9.2}% 112
\BOOKMARK [2][-]{subsection.9.2.3}{\376\377\000S\000e\000l\000e\000c\000t\000e\000d\000\040\000B\000a\000c\000k\000e\000n\000d\000\040\000T\000e\000s\000t\000\040\000I\000m\000p\000l\000e\000m\000e\000n\000t\000a\000t\000i\000o\000n\000s}{section.9.2}% 113
\BOOKMARK [1][-]{section.9.3}{\376\377\000F\000r\000o\000n\000t\000e\000n\000d\000\040\000T\000e\000s\000t\000s\000\040\000\050\000V\000i\000t\000e\000s\000t\000\051}{chapter.9}% 114
\BOOKMARK [2][-]{subsection.9.3.1}{\376\377\000T\000e\000s\000t\000\040\000C\000o\000n\000f\000i\000g\000u\000r\000a\000t\000i\000o\000n}{section.9.3}% 115
\BOOKMARK [2][-]{subsection.9.3.2}{\376\377\000T\000e\000s\000t\000\040\000R\000e\000s\000u\000l\000t\000s}{section.9.3}% 116
\BOOKMARK [2][-]{subsection.9.3.3}{\376\377\000S\000a\000m\000p\000l\000e\000\040\000F\000r\000o\000n\000t\000e\000n\000d\000\040\000T\000e\000s\000t}{section.9.3}% 117
\BOOKMARK [1][-]{section.9.4}{\376\377\000S\000y\000s\000t\000e\000m\000-\000L\000e\000v\000e\000l\000\040\000T\000e\000s\000t\000\040\000C\000a\000s\000e\000s}{chapter.9}% 118
\BOOKMARK [1][-]{section.9.5}{\376\377\000N\000e\000g\000a\000t\000i\000v\000e\000\040\000T\000e\000s\000t\000\040\000C\000a\000s\000e\000s}{chapter.9}% 119
\BOOKMARK [1][-]{section.9.6}{\376\377\000D\000e\000b\000u\000g\000g\000i\000n\000g\000\040\000L\000o\000g\000\040\000a\000n\000d\000\040\000F\000i\000x\000e\000s}{chapter.9}% 120
\BOOKMARK [0][-]{chapter.10}{\376\377\000S\000e\000c\000u\000r\000i\000t\000y\000,\000\040\000A\000c\000c\000e\000s\000s\000\040\000R\000i\000g\000h\000t\000s\000,\000\040\000a\000n\000d\000\040\000D\000a\000t\000a\000\040\000P\000r\000o\000t\000e\000c\000t\000i\000o\000n}{}% 121
\BOOKMARK [1][-]{section.10.1}{\376\377\000A\000u\000t\000h\000e\000n\000t\000i\000c\000a\000t\000i\000o\000n\000\040\000M\000e\000c\000h\000a\000n\000i\000s\000m}{chapter.10}% 122
\BOOKMARK [1][-]{section.10.2}{\376\377\000P\000a\000s\000s\000w\000o\000r\000d\000\040\000S\000e\000c\000u\000r\000i\000t\000y}{chapter.10}% 123
\BOOKMARK [1][-]{section.10.3}{\376\377\000R\000o\000l\000e\000-\000B\000a\000s\000e\000d\000\040\000A\000c\000c\000e\000s\000s\000\040\000C\000o\000n\000t\000r\000o\000l\000\040\000\050\000R\000B\000A\000C\000\051}{chapter.10}% 124
\BOOKMARK [1][-]{section.10.4}{\376\377\000R\000a\000t\000e\000\040\000L\000i\000m\000i\000t\000i\000n\000g}{chapter.10}% 125
\BOOKMARK [1][-]{section.10.5}{\376\377\000I\000n\000p\000u\000t\000\040\000V\000a\000l\000i\000d\000a\000t\000i\000o\000n\000\040\000a\000n\000d\000\040\000S\000a\000n\000i\000t\000i\000s\000a\000t\000i\000o\000n}{chapter.10}% 126
\BOOKMARK [1][-]{section.10.6}{\376\377\000C\000O\000R\000S\000\040\000C\000o\000n\000f\000i\000g\000u\000r\000a\000t\000i\000o\000n}{chapter.10}% 127
\BOOKMARK [1][-]{section.10.7}{\376\377\000A\000u\000d\000i\000t\000\040\000L\000o\000g\000g\000i\000n\000g}{chapter.10}% 128
\BOOKMARK [1][-]{section.10.8}{\376\377\000S\000e\000c\000u\000r\000i\000t\000y\000\040\000C\000o\000n\000t\000r\000o\000l\000s\000\040\000S\000u\000m\000m\000a\000r\000y}{chapter.10}% 129
\BOOKMARK [1][-]{section.10.9}{\376\377\000K\000n\000o\000w\000n\000\040\000S\000e\000c\000u\000r\000i\000t\000y\000\040\000L\000i\000m\000i\000t\000a\000t\000i\000o\000n\000s}{chapter.10}% 130
\BOOKMARK [0][-]{chapter.11}{\376\377\000R\000e\000s\000u\000l\000t\000s\000,\000\040\000R\000e\000p\000o\000r\000t\000s\000,\000\040\000a\000n\000d\000\040\000S\000c\000r\000e\000e\000n\000s}{}% 131
\BOOKMARK [1][-]{section.11.1}{\376\377\000S\000y\000s\000t\000e\000m\000\040\000I\000n\000t\000e\000r\000f\000a\000c\000e\000\040\040\023\000\040\000L\000o\000g\000i\000n\000\040\000a\000n\000d\000\040\000R\000e\000g\000i\000s\000t\000r\000a\000t\000i\000o\000n}{chapter.11}% 132
\BOOKMARK [1][-]{section.11.2}{\376\377\000S\000t\000a\000g\000e\000\040\0001\000\040\040\023\000\040\000D\000o\000c\000u\000m\000e\000n\000t\000\040\000O\000C\000R\000\040\000R\000e\000s\000u\000l\000t\000s}{chapter.11}% 133
\BOOKMARK [1][-]{section.11.3}{\376\377\000S\000t\000a\000g\000e\000\040\0002\000\040\040\023\000\040\000F\000a\000c\000e\000\040\000V\000e\000r\000i\000f\000i\000c\000a\000t\000i\000o\000n\000\040\000R\000e\000s\000u\000l\000t\000s}{chapter.11}% 134
\BOOKMARK [1][-]{section.11.4}{\376\377\000S\000t\000a\000g\000e\000\040\0003\000\040\040\023\000\040\000D\000e\000e\000p\000f\000a\000k\000e\000\040\000D\000e\000t\000e\000c\000t\000i\000o\000n\000\040\000R\000e\000s\000u\000l\000t\000s}{chapter.11}% 135
\BOOKMARK [1][-]{section.11.5}{\376\377\000S\000t\000a\000g\000e\000\040\0004\000\040\040\023\000\040\000L\000i\000v\000e\000n\000e\000s\000s\000\040\000D\000e\000t\000e\000c\000t\000i\000o\000n\000\040\000R\000e\000s\000u\000l\000t\000s}{chapter.11}% 136
\BOOKMARK [1][-]{section.11.6}{\376\377\000S\000t\000a\000g\000e\000\040\0005\000\040\040\023\000\040\000F\000i\000n\000a\000l\000\040\000D\000e\000c\000i\000s\000i\000o\000n\000\040\000a\000n\000d\000\040\000P\000D\000F\000\040\000R\000e\000p\000o\000r\000t}{chapter.11}% 137
\BOOKMARK [1][-]{section.11.7}{\376\377\000A\000n\000a\000l\000y\000t\000i\000c\000s\000\040\000D\000a\000s\000h\000b\000o\000a\000r\000d\000\040\000\050\000A\000d\000m\000i\000n\000/\000R\000e\000v\000i\000e\000w\000e\000r\000\040\000V\000i\000e\000w\000\051}{chapter.11}% 138
\BOOKMARK [2][-]{subsection.11.7.1}{\376\377\000K\000P\000I\000\040\000C\000a\000r\000d\000s}{section.11.7}% 139
\BOOKMARK [2][-]{subsection.11.7.2}{\376\377\000C\000h\000a\000r\000t\000s}{section.11.7}% 140
\BOOKMARK [1][-]{section.11.8}{\376\377\000A\000d\000m\000i\000n\000\040\000R\000e\000v\000i\000e\000w\000\040\000Q\000u\000e\000u\000e}{chapter.11}% 141
\BOOKMARK [0][-]{chapter.12}{\376\377\000C\000o\000n\000c\000l\000u\000s\000i\000o\000n\000\040\000a\000n\000d\000\040\000F\000u\000t\000u\000r\000e\000\040\000S\000c\000o\000p\000e}{}% 142
\BOOKMARK [1][-]{section.12.1}{\376\377\000A\000c\000h\000i\000e\000v\000e\000m\000e\000n\000t\000s}{chapter.12}% 143
\BOOKMARK [1][-]{section.12.2}{\376\377\000L\000i\000m\000i\000t\000a\000t\000i\000o\000n\000s}{chapter.12}% 144
\BOOKMARK [1][-]{section.12.3}{\376\377\000F\000u\000t\000u\000r\000e\000\040\000S\000c\000o\000p\000e}{chapter.12}% 145
\BOOKMARK [2][-]{subsection.12.3.1}{\376\377\000S\000h\000o\000r\000t\000-\000T\000e\000r\000m\000\040\000E\000n\000h\000a\000n\000c\000e\000m\000e\000n\000t\000s\000\040\000\050\0000\000-\0006\000\040\000m\000o\000n\000t\000h\000s\000\051}{section.12.3}% 146
\BOOKMARK [2][-]{subsection.12.3.2}{\376\377\000M\000e\000d\000i\000u\000m\000-\000T\000e\000r\000m\000\040\000E\000n\000h\000a\000n\000c\000e\000m\000e\000n\000t\000s\000\040\000\050\0006\000-\0001\0008\000\040\000m\000o\000n\000t\000h\000s\000\051}{section.12.3}% 147
\BOOKMARK [2][-]{subsection.12.3.3}{\376\377\000L\000o\000n\000g\000-\000T\000e\000r\000m\000\040\000E\000n\000h\000a\000n\000c\000e\000m\000e\000n\000t\000s\000\040\000\050\0001\0008\000+\000\040\000m\000o\000n\000t\000h\000s\000\051}{section.12.3}% 148
\BOOKMARK [1][-]{section.12.4}{\376\377\000C\000o\000n\000c\000l\000u\000d\000i\000n\000g\000\040\000R\000e\000m\000a\000r\000k\000s}{chapter.12}% 149
\BOOKMARK [0][-]{chapter*.4}{\376\377\000B\000i\000b\000l\000i\000o\000g\000r\000a\000p\000h\000y}{}% 150
\BOOKMARK [0][-]{chapter*.5}{\376\377\000G\000l\000o\000s\000s\000a\000r\000y}{}% 151
\BOOKMARK [0][-]{appendix.A}{\376\377\000A\000P\000I\000\040\000E\000n\000d\000p\000o\000i\000n\000t\000\040\000C\000a\000t\000a\000l\000o\000g}{}% 152
\BOOKMARK [0][-]{appendix.B}{\376\377\000D\000a\000t\000a\000b\000a\000s\000e\000\040\000S\000c\000h\000e\000m\000a\000\040\000S\000u\000m\000m\000a\000r\000y}{}% 153
\BOOKMARK [0][-]{appendix.C}{\376\377\000T\000e\000c\000h\000n\000o\000l\000o\000g\000i\000e\000s\000\040\000a\000n\000d\000\040\000L\000i\000b\000r\000a\000r\000y\000\040\000V\000e\000r\000s\000i\000o\000n\000s}{}% 154
